========================================================================================================
FRONTIERE OCTETS-PRECISION  qwen8k|RoPE  (L=64, 111s)
========================================================================================================
famille            octets    RMSE sigma_disc sigma_perp     r@4     r@8    r@16
--------------------------------------------------------------------------------------------------------
mean                  130   7.184     0.8354     0.7891  81.84%  85.53%  89.58%
coreset r=1           130   3.139     0.8354     0.7891  81.84%  85.53%  89.58%
cobs r=1              258   6.315     1.0561     1.0322  74.86%  81.15%  87.28%
coreset r=2           260   2.740     0.7495     0.7123  83.96%  87.44%  91.07%
cobs r=2              388   5.782     1.0655     1.0441  76.14%  81.60%  87.80%
sub r=4               514   2.058     1.6120     1.5878  60.81%  66.69%  74.49%
top r=4               514   4.150     1.9396     1.8959  60.83%  66.68%  74.57%
coreset r=4           520   2.295     0.6755     0.6466  86.06%  89.15%  92.56%
gmm 2x1               520   1.988     1.0787     1.0619  77.01%  82.39%  88.25%
cobs r=4              648   5.142     1.0745     1.0540  76.58%  82.46%  88.34%
sub r=8              1026   1.442     1.2220     1.2062  71.69%  76.63%  82.42%
top r=8              1026   3.346     1.6144     1.5723  67.24%  72.63%  79.09%
quant 2b             1028   0.759     0.5007     0.4961  89.92%  93.03%  95.92%
coreset r=8          1040   1.784     0.5942     0.5740  88.79%  91.44%  94.23%
gmm 4x1              1040   1.712     1.1826     1.1699  77.29%  82.98%  88.76%
cobs r=8             1168   4.621     1.0287     1.0097  77.95%  83.65%  89.43%
quant 3b             1540   0.243     0.2135     0.2120  97.75%  98.57%  99.19%
sub r=16             2050   0.965     0.8477     0.8367  82.31%  85.71%  89.59%
top r=16             2050   2.557     1.3064     1.2685  74.08%  78.51%  83.64%
quant 4b             2052   0.104     0.0990     0.0984  99.51%  99.67%  99.82%
coreset r=16         2080   1.194     0.4807     0.4675  92.33%  94.16%  96.04%
gmm 8x1              2080   1.734     1.3162     1.3049  77.33%  83.04%  89.04%
cobs r=16            2208   4.471     0.9492     0.9305  78.74%  84.49%  90.24%
quant 6b             3076   0.025     0.0238     0.0237  99.96%  99.98%  99.99%
sub r=32             4098   0.566     0.5219     0.5163  91.88%  93.47%  95.25%
top r=32             4098   1.709     0.9777     0.9470  82.69%  85.37%  88.62%
quant 8b             4100   0.006     0.0058     0.0058 100.00% 100.00% 100.00%
coreset r=32         4160   0.562     0.3063     0.3012  96.42%  97.29%  98.23%
coreset r=64         8320   0.000     0.0000     0.0000 100.00% 100.00% 100.00%
--------------------------------------------------------------------------------------------------------
  coreset  sigma_disc =   3.3633 * b^(-0.267)   -> doubler b divise sigma par 1.203   -> pour diviser sigma par 2 : x13.4 octets
  cobs     sigma_disc =   1.4218 * b^(-0.049)   -> doubler b divise sigma par 1.034   -> pour diviser sigma par 2 : x1536740.7 octets
  quant    sigma_disc = 2770713461.2314 * b^(-3.193)   -> doubler b divise sigma par 9.146   -> pour diviser sigma par 2 : x1.2 octets
  sub      sigma_disc =  49.8692 * b^(-0.542)   -> doubler b divise sigma par 1.456   -> pour diviser sigma par 2 : x3.6 octets
  top      sigma_disc =  15.3518 * b^(-0.328)   -> doubler b divise sigma par 1.255   -> pour diviser sigma par 2 : x8.3 octets

========================================================================================================
FRONTIERE OCTETS-PRECISION  qwen8k|NoPE  (L=64, 234s)
========================================================================================================
famille            octets    RMSE sigma_disc sigma_perp     r@4     r@8    r@16
--------------------------------------------------------------------------------------------------------
mean                  130   5.904     0.4632     0.4087  84.64%  86.76%  89.65%
coreset r=1           130   1.847     0.4632     0.4087  84.64%  86.76%  89.65%
cobs r=1              258   5.243     0.6045     0.5788  78.21%  82.19%  86.54%
coreset r=2           260   1.518     0.3987     0.3590  85.99%  88.12%  91.04%
cobs r=2              388   4.916     0.6034     0.5842  79.79%  83.52%  87.73%
sub r=4               514   1.294     1.0642     1.0467  66.13%  69.21%  74.10%
top r=4               514   2.408     1.3157     1.2727  65.88%  69.35%  74.15%
coreset r=4           520   1.204     0.3457     0.3171  88.35%  90.53%  92.84%
gmm 2x1               520   1.047     0.5777     0.5641  81.04%  85.14%  89.24%
cobs r=4              648   4.544     0.5753     0.5596  81.77%  85.27%  89.51%
sub r=8              1026   0.892     0.7678     0.7556  74.62%  77.19%  81.12%
top r=8              1026   1.873     1.0481     1.0104  72.36%  75.12%  79.12%
quant 2b             1028   0.601     0.3492     0.3453  87.65%  90.34%  93.35%
coreset r=8          1040   0.884     0.2840     0.2652  91.56%  93.11%  94.90%
gmm 4x1              1040   0.860     0.5719     0.5637  84.85%  88.03%  91.39%
cobs r=8             1168   4.265     0.5308     0.5163  83.38%  86.94%  90.84%
quant 3b             1540   0.176     0.1455     0.1445  97.17%  98.00%  98.71%
sub r=16             2050   0.577     0.5103     0.5014  82.65%  85.02%  88.09%
top r=16             2050   1.359     0.7915     0.7589  79.65%  81.94%  84.91%
quant 4b             2052   0.072     0.0673     0.0669  99.33%  99.52%  99.71%
coreset r=16         2080   0.558     0.2178     0.2071  94.32%  95.51%  96.70%
gmm 8x1              2080   0.775     0.5673     0.5606  87.77%  90.46%  93.22%
cobs r=16            2208   4.187     0.4992     0.4855  83.63%  87.29%  91.20%
quant 6b             3076   0.017     0.0161     0.0160  99.96%  99.97%  99.98%
sub r=32             4098   0.328     0.2961     0.2921  92.89%  93.82%  95.10%
top r=32             4098   0.854     0.5431     0.5155  88.63%  89.75%  91.33%
quant 8b             4100   0.004     0.0039     0.0039 100.00% 100.00% 100.00%
coreset r=32         4160   0.249     0.1299     0.1257  97.67%  98.13%  98.70%
coreset r=64         8320   0.000     0.0000     0.0000 100.00% 100.00% 100.00%
--------------------------------------------------------------------------------------------------------
  coreset  sigma_disc =   2.7573 * b^(-0.345)   -> doubler b divise sigma par 1.270   -> pour diviser sigma par 2 : x7.5 octets
  cobs     sigma_disc =   1.0532 * b^(-0.096)   -> doubler b divise sigma par 1.069   -> pour diviser sigma par 2 : x1353.0 octets
  quant    sigma_disc = 2231800425.6580 * b^(-3.215)   -> doubler b divise sigma par 9.285   -> pour diviser sigma par 2 : x1.2 octets
  sub      sigma_disc =  51.6209 * b^(-0.614)   -> doubler b divise sigma par 1.530   -> pour diviser sigma par 2 : x3.1 octets
  top      sigma_disc =  19.2390 * b^(-0.424)   -> doubler b divise sigma par 1.342   -> pour diviser sigma par 2 : x5.1 octets

========================================================================================================
FRONTIERE OCTETS-PRECISION  smol8k|RoPE  (L=64, 432s)
========================================================================================================
famille            octets    RMSE sigma_disc sigma_perp     r@4     r@8    r@16
--------------------------------------------------------------------------------------------------------
mean                  130   6.968     1.0710     0.8863  74.09%  78.77%  84.44%
coreset r=1           130   2.977     1.0710     0.8863  74.09%  78.77%  84.44%
cobs r=1              258   6.153     1.2318     1.0674  67.81%  74.29%  81.26%
coreset r=2           260   2.580     0.9402     0.7842  78.71%  82.51%  87.12%
cobs r=2              388   5.723     1.2025     1.0456  68.92%  74.87%  81.77%
sub r=4               514   2.057     1.6725     1.6029  64.37%  69.92%  77.82%
top r=4               514   4.928     2.1854     2.0224  55.91%  63.24%  72.61%
coreset r=4           520   2.124     0.7906     0.6958  86.04%  88.19%  91.22%
gmm 2x1               520   1.983     1.1156     1.0137  73.55%  79.96%  86.13%
cobs r=4              648   5.183     1.1249     0.9756  70.62%  76.92%  83.35%
sub r=8              1026   1.573     1.3519     1.2994  70.73%  74.43%  80.86%
top r=8              1026   4.088     1.9125     1.7418  60.83%  67.57%  75.80%
quant 2b             1028   0.690     0.4629     0.4571  90.28%  93.81%  96.81%
coreset r=8          1040   1.629     0.6455     0.5891  89.24%  91.52%  94.28%
gmm 4x1              1040   1.540     1.0210     0.9866  76.96%  84.87%  90.39%
cobs r=8             1168   4.686     1.0574     0.9146  71.85%  78.10%  84.50%
quant 3b             1540   0.220     0.1927     0.1911  98.07%  98.66%  99.37%
sub r=16             2050   1.182     1.0442     0.9815  78.88%  81.65%  86.20%
top r=16             2050   3.252     1.6283     1.4476  66.23%  72.05%  79.09%
quant 4b             2052   0.094     0.0892     0.0886  99.47%  99.70%  99.86%
coreset r=16         2080   1.079     0.4921     0.4704  92.51%  93.95%  96.38%
gmm 8x1              2080   1.148     0.9254     0.9071  80.45%  87.54%  92.94%
cobs r=16            2208   4.313     1.0154     0.8731  72.68%  78.78%  85.13%
quant 6b             3076   0.022     0.0213     0.0212  99.97%  99.98%  99.99%
sub r=32             4098   0.705     0.6645     0.6548  92.48%  92.95%  93.71%
top r=32             4098   2.350     1.3168     1.1342  72.89%  77.38%  82.96%
quant 8b             4100   0.005     0.0053     0.0052 100.00% 100.00% 100.00%
coreset r=32         4160   0.527     0.3088     0.2995  96.80%  97.32%  97.90%
coreset r=64         8320   0.000     0.0000     0.0000 100.00% 100.00% 100.00%
--------------------------------------------------------------------------------------------------------
  coreset  sigma_disc =   6.3629 * b^(-0.345)   -> doubler b divise sigma par 1.270   -> pour diviser sigma par 2 : x7.5 octets
  cobs     sigma_disc =   2.0966 * b^(-0.095)   -> doubler b divise sigma par 1.068   -> pour diviser sigma par 2 : x1445.5 octets
  quant    sigma_disc = 2892188324.0905 * b^(-3.212)   -> doubler b divise sigma par 9.265   -> pour diviser sigma par 2 : x1.2 octets
  sub      sigma_disc =  27.0502 * b^(-0.438)   -> doubler b divise sigma par 1.354   -> pour diviser sigma par 2 : x4.9 octets
  top      sigma_disc =  10.1385 * b^(-0.243)   -> doubler b divise sigma par 1.183   -> pour diviser sigma par 2 : x17.4 octets

========================================================================================================
FRONTIERE OCTETS-PRECISION  smol8k|NoPE  (L=64, 640s)
========================================================================================================
famille            octets    RMSE sigma_disc sigma_perp     r@4     r@8    r@16
--------------------------------------------------------------------------------------------------------
mean                  130   5.726     0.4603     0.3736  82.95%  84.63%  87.41%
coreset r=1           130   1.665     0.4603     0.3736  82.95%  84.63%  87.41%
cobs r=1              258   5.098     0.6071     0.5475  78.89%  81.39%  84.80%
coreset r=2           260   1.350     0.3796     0.3207  86.16%  87.87%  90.31%
cobs r=2              388   4.842     0.5891     0.5380  80.68%  82.93%  86.05%
sub r=4               514   1.198     0.9985     0.9708  66.60%  68.66%  72.61%
top r=4               514   2.611     1.3633     1.2984  64.63%  67.64%  71.88%
coreset r=4           520   1.073     0.3203     0.2912  89.40%  90.99%  92.97%
gmm 2x1               520   0.970     0.5173     0.4889  81.88%  85.01%  89.06%
cobs r=4              648   4.553     0.5455     0.5016  82.49%  84.89%  87.81%
sub r=8              1026   0.846     0.7332     0.7157  75.65%  77.62%  80.43%
top r=8              1026   2.049     1.1179     1.0535  70.11%  72.77%  76.32%
quant 2b             1028   0.508     0.3088     0.3058  88.38%  90.98%  93.66%
coreset r=8          1040   0.790     0.2686     0.2540  92.38%  93.53%  95.06%
gmm 4x1              1040   0.741     0.4647     0.4511  85.56%  88.46%  92.07%
cobs r=8             1168   4.303     0.5123     0.4724  83.63%  85.93%  88.89%
quant 3b             1540   0.151     0.1265     0.1255  97.05%  97.79%  98.64%
sub r=16             2050   0.576     0.5108     0.4918  83.63%  84.59%  86.45%
top r=16             2050   1.500     0.8504     0.7873  76.64%  78.65%  81.66%
quant 4b             2052   0.063     0.0586     0.0582  99.17%  99.44%  99.70%
coreset r=16         2080   0.497     0.2018     0.1942  95.27%  95.94%  96.91%
gmm 8x1              2080   0.546     0.3944     0.3852  86.92%  90.15%  93.70%
cobs r=16            2208   4.125     0.4934     0.4539  84.13%  86.46%  89.27%
quant 6b             3076   0.015     0.0140     0.0140  99.95%  99.96%  99.98%
sub r=32             4098   0.333     0.3052     0.3011  93.11%  93.92%  94.32%
top r=32             4098   0.947     0.5778     0.5226  85.25%  86.45%  88.23%
quant 8b             4100   0.004     0.0034     0.0034 100.00% 100.00% 100.00%
coreset r=32         4160   0.217     0.1166     0.1137  98.17%  98.45%  98.88%
coreset r=64         8320   0.000     0.0000     0.0000 100.00% 100.00% 100.00%
--------------------------------------------------------------------------------------------------------
  coreset  sigma_disc =   3.0245 * b^(-0.368)   -> doubler b divise sigma par 1.291   -> pour diviser sigma par 2 : x6.6 octets
  cobs     sigma_disc =   1.0699 * b^(-0.102)   -> doubler b divise sigma par 1.073   -> pour diviser sigma par 2 : x880.9 octets
  quant    sigma_disc = 2085540689.9349 * b^(-3.224)   -> doubler b divise sigma par 9.342   -> pour diviser sigma par 2 : x1.2 octets
  sub      sigma_disc =  35.8264 * b^(-0.566)   -> doubler b divise sigma par 1.481   -> pour diviser sigma par 2 : x3.4 octets
  top      sigma_disc =  18.6266 * b^(-0.412)   -> doubler b divise sigma par 1.330   -> pour diviser sigma par 2 : x5.4 octets

-> C:\Users\alici\Downloads\inference_opti\19_loi_octets\resultats\frontiere.json (640s)
